<component name="libraryTable">
  <library name="buildScala">
    <CLASSES>
      <root url="jar://$PROJECT_DIR$/project/boot/scala-2.7.7/lib/scala-compiler.jar!/"/>
      <root url="jar://$PROJECT_DIR$/project/boot/scala-2.7.7/lib/scala-library.jar!/"/>
    </CLASSES>
    <JAVADOC></JAVADOC>
    <SOURCES>
      <root url="jar://$PROJECT_DIR$/project/boot/scala-2.7.7/lib/scala-compiler-sources.jar!/"/>
      <root url="jar://$PROJECT_DIR$/project/boot/scala-2.7.7/lib/scala-library-sources.jar!/"/>
    </SOURCES>
  </library>
</component>
