<project version="4">
  <component version="2" jdk-15="true" project-jdk-type="JavaSDK" name="ProjectRootManager" project-jdk-name="1.6" assert-keyword="true" languageLevel="JDK_1_6">
    <output url="file://$PROJECT_DIR$/out"/>
  </component>
  <component name="ProjectDetails">
    <option name="projectName" value="scripted-test"/>
  </component>
</project>
