<project version="4">
  <component name="ProjectModuleManager">
    <modules>
      <module filepath="$PROJECT_DIR$/project/sbt_project_definition.iml" fileurl="file://$PROJECT_DIR$/project/sbt_project_definition.iml"/>
      <module filepath="$PROJECT_DIR$//scripted-test.iml" fileurl="file://$PROJECT_DIR$//scripted-test.iml"/>
    </modules>
  </component>
</project>
