<module version="4" type="JAVA_MODULE">
  <component name="FacetManager">
    <facet name="Scala" type="scala">
      <configuration>
        <option name="compilerLibraryLevel" value="Project"/>
        <option name="compilerLibraryName" value="defScala"/>
      </configuration>
    </facet>
  </component>
  <component name="NewModuleRootManager" inherit-compiler-output="true">
    <exclude-output/>
    <content url="file://$MODULE_DIR$">
      <sourceFolder url="file://$MODULE_DIR$/build" isTestSource="false"/>
      <sourceFolder url="file://$MODULE_DIR$/build/src" isTestSource="false"/>
      <excludeFolder url="file://$MODULE_DIR$/boot" />
      <excludeFolder url="file://$MODULE_DIR$/build/target" />
      <excludeFolder url="file://$MODULE_DIR$/plugins/lib_managed" />
      <excludeFolder url="file://$MODULE_DIR$/plugins/src_managed" />
      <excludeFolder url="file://$MODULE_DIR$/plugins/target" />
    </content>
    <orderEntry type="inheritedJdk"/>
    <orderEntry forTests="false" type="sourceFolder"/>
    <orderEntry name="defScala" type="library" level="project"/>
    <orderEntry type="module-library">
      <library>
        <CLASSES><root url="file://$MODULE_DIR$/boot/scala-2.7.7/org.scala-tools.sbt/sbt/0.7.4"></root></CLASSES>
        <JAVADOC></JAVADOC>
        <SOURCES></SOURCES>
        <jarDirectory url="file://$MODULE_DIR$/boot/scala-2.7.7/org.scala-tools.sbt/sbt/0.7.4" recursive="true"/>
      </library>
    </orderEntry>
    <orderEntry type="module-library">
      <library>
        <CLASSES><root url="file://$MODULE_DIR$/plugins/target/scala_2.7.7/plugin-classes"></root></CLASSES>
        <JAVADOC></JAVADOC>
        <SOURCES></SOURCES>
      </library>
    </orderEntry>
    <orderEntry type="module-library">
      <library>
        <CLASSES><root url="file://$MODULE_DIR$/build/lib"></root></CLASSES>
        <JAVADOC></JAVADOC>
        <SOURCES></SOURCES>
        <jarDirectory url="file://$MODULE_DIR$/build/lib" recursive="false"/>
      </library>
    </orderEntry>
    <orderEntry type="module-library">
      <library>
        <CLASSES><root url="file://$MODULE_DIR$/plugins/lib_managed/scala_2.7.7"></root></CLASSES>
        <JAVADOC></JAVADOC>
        <SOURCES></SOURCES>
        <jarDirectory url="file://$MODULE_DIR$/plugins/lib_managed/scala_2.7.7" recursive="false"/>
      </library>
    </orderEntry>
  </component>
</module>
