<module version="4" type="JAVA_MODULE">
  <component name="FacetManager">
    <facet name="Scala" type="scala">
      <configuration>
        <option name="compilerLibraryLevel" value="Project"/>
	<option name="compilerLibraryName" value="buildScala"/>
      </configuration>
    </facet>
  </component>
  <component name="NewModuleRootManager" inherit-compiler-output="false">
    <output url="file://$MODULE_DIR$/target/scala_2.7.7/classes"/>
    <output-test url="file://$MODULE_DIR$/target/scala_2.7.7/test-classes"/>
    <exclude-output/>
    <content url="file://$MODULE_DIR$">
      <sourceFolder url="file://$MODULE_DIR$/src/main/scala" isTestSource="false"/>
      <sourceFolder url="file://$MODULE_DIR$/src/test/scala" isTestSource="true"/>
      <excludeFolder url="file://$MODULE_DIR$/target"/>
    </content>
    <orderEntry type="inheritedJdk"/>
    <orderEntry forTests="false" type="sourceFolder"/>
    <orderEntry name="buildScala" type="library" level="project"/>
  </component>
</module>
